{
  "param_config": "cli_value",
  "params": {
    "param_config": "cli_value",
    "shared_1": [
      "1",
      "2",
      "3"
    ],
    "shared_2": true,
    "template_name": "default_name",
    "test_3": true
  },
  "shared_1": [
    "1",
    "2",
    "3"
  ],
  "shared_2": true,
  "template_name": "default_name",
  "test_3": true
}