{
  "param_config": "cli_value",
  "params": {
    "param_config": "cli_value",
    "shared_1": [
      "1",
      "2",
      "3"
    ],
    "shared_2": true,
    "template_name": "test1",
    "test_1": true
  },
  "shared_1": [
    "1",
    "2",
    "3"
  ],
  "shared_2": true,
  "template_name": "test1",
  "test_1": true
}