[{"metrics":[{"attributes":[],"brief":"Number of classes currently loaded.","events":[],"id":"metric.jvm.class.count","instrument":"updowncounter","lineage":{"source_file":"data/jvm-metrics.yaml"},"metric_name":"jvm.class.count","name":null,"root_namespace":"jvm","span_kind":null,"stability":"stable","type":"metric","unit":"{class}"},{"attributes":[],"brief":"Number of classes loaded since JVM start.","events":[],"id":"metric.jvm.class.loaded","instrument":"counter","lineage":{"source_file":"data/jvm-metrics.yaml"},"metric_name":"jvm.class.loaded","name":null,"root_namespace":"jvm","span_kind":null,"stability":"stable","type":"metric","unit":"{class}"},{"attributes":[],"brief":"Number of classes unloaded since JVM start.","events":[],"id":"metric.jvm.class.unloaded","instrument":"counter","lineage":{"source_file":"data/jvm-metrics.yaml"},"metric_name":"jvm.class.unloaded","name":null,"root_namespace":"jvm","span_kind":null,"stability":"stable","type":"metric","unit":"{class}"},{"attributes":[],"brief":"Number of processors available to the Java virtual machine.","events":[],"id":"metric.jvm.cpu.count","instrument":"updowncounter","lineage":{"source_file":"data/jvm-metrics.yaml"},"metric_name":"jvm.cpu.count","name":null,"root_namespace":"jvm","span_kind":null,"stability":"stable","type":"metric","unit":"{cpu}"},{"attributes":[],"brief":"Recent CPU utilization for the process as reported by the JVM.","events":[],"id":"metric.jvm.cpu.recent_utilization","instrument":"gauge","lineage":{"source_file":"data/jvm-metrics.yaml"},"metric_name":"jvm.cpu.recent_utilization","name":null,"note":"The value range is [0.0,1.0]. This utilization is not defined as being for the specific interval since last measurement (unlike `system.cpu.utilization`). [Reference](https://docs.oracle.com/en/java/javase/17/docs/api/jdk.management/com/sun/management/OperatingSystemMXBean.html#getProcessCpuLoad()).\n","root_namespace":"jvm","span_kind":null,"stability":"stable","type":"metric","unit":"1"},{"attributes":[],"brief":"CPU time used by the process as reported by the JVM.","events":[],"id":"metric.jvm.cpu.time","instrument":"counter","lineage":{"source_file":"data/jvm-metrics.yaml"},"metric_name":"jvm.cpu.time","name":null,"root_namespace":"jvm","span_kind":null,"stability":"stable","type":"metric","unit":"s"},{"attributes":[{"brief":"Name of the garbage collector.","examples":["G1 Young Generation","G1 Old Generation"],"name":"jvm.gc.name","note":"Garbage collector name is generally obtained via [GarbageCollectionNotificationInfo#getGcName()](https://docs.oracle.com/en/java/javase/11/docs/api/jdk.management/com/sun/management/GarbageCollectionNotificationInfo.html#getGcName()).\n","requirement_level":"recommended","stability":"stable","type":"string"},{"brief":"Name of the garbage collector action.","examples":["end of minor GC","end of major GC"],"name":"jvm.gc.action","note":"Garbage collector action is generally obtained via [GarbageCollectionNotificationInfo#getGcAction()](https://docs.oracle.com/en/java/javase/11/docs/api/jdk.management/com/sun/management/GarbageCollectionNotificationInfo.html#getGcAction()).\n","requirement_level":"recommended","stability":"stable","type":"string"}],"brief":"Duration of JVM garbage collection actions.","events":[],"id":"metric.jvm.gc.duration","instrument":"histogram","lineage":{"source_file":"data/jvm-metrics.yaml"},"metric_name":"jvm.gc.duration","name":null,"root_namespace":"jvm","span_kind":null,"stability":"stable","type":"metric","unit":"s"},{"attributes":[{"brief":"The type of memory.","examples":["heap","non_heap"],"name":"jvm.memory.type","requirement_level":"recommended","stability":"stable","type":{"allow_custom_values":false,"members":[{"brief":"Heap memory.","deprecated":null,"id":"heap","note":null,"stability":null,"value":"heap"},{"brief":"Non-heap memory","deprecated":null,"id":"non_heap","note":null,"stability":null,"value":"non_heap"}]}},{"brief":"Name of the memory pool.","examples":["G1 Old Gen","G1 Eden space","G1 Survivor Space"],"name":"jvm.memory.pool.name","note":"Pool names are generally obtained via [MemoryPoolMXBean#getName()](https://docs.oracle.com/en/java/javase/11/docs/api/java.management/java/lang/management/MemoryPoolMXBean.html#getName()).\n","requirement_level":"recommended","stability":"stable","type":"string"}],"brief":"Measure of memory committed.","events":[],"id":"metric.jvm.memory.committed","instrument":"updowncounter","lineage":{"attributes":{"jvm.memory.pool.name":{"inherited_fields":["brief","examples","note","requirement_level","stability"],"source_group":"attributes.jvm.memory"},"jvm.memory.type":{"inherited_fields":["brief","examples","note","requirement_level","stability"],"source_group":"attributes.jvm.memory"}},"source_file":"data/jvm-metrics.yaml"},"metric_name":"jvm.memory.committed","name":null,"root_namespace":"jvm","span_kind":null,"stability":"stable","type":"metric","unit":"By"},{"attributes":[{"brief":"The type of memory.","examples":["heap","non_heap"],"name":"jvm.memory.type","requirement_level":"recommended","stability":"stable","type":{"allow_custom_values":false,"members":[{"brief":"Heap memory.","deprecated":null,"id":"heap","note":null,"stability":null,"value":"heap"},{"brief":"Non-heap memory","deprecated":null,"id":"non_heap","note":null,"stability":null,"value":"non_heap"}]}},{"brief":"Name of the memory pool.","examples":["G1 Old Gen","G1 Eden space","G1 Survivor Space"],"name":"jvm.memory.pool.name","note":"Pool names are generally obtained via [MemoryPoolMXBean#getName()](https://docs.oracle.com/en/java/javase/11/docs/api/java.management/java/lang/management/MemoryPoolMXBean.html#getName()).\n","requirement_level":"recommended","stability":"stable","type":"string"}],"brief":"Measure of max obtainable memory.","events":[],"id":"metric.jvm.memory.limit","instrument":"updowncounter","lineage":{"attributes":{"jvm.memory.pool.name":{"inherited_fields":["brief","examples","note","requirement_level","stability"],"source_group":"attributes.jvm.memory"},"jvm.memory.type":{"inherited_fields":["brief","examples","note","requirement_level","stability"],"source_group":"attributes.jvm.memory"}},"source_file":"data/jvm-metrics.yaml"},"metric_name":"jvm.memory.limit","name":null,"root_namespace":"jvm","span_kind":null,"stability":"stable","type":"metric","unit":"By"},{"attributes":[{"brief":"The type of memory.","examples":["heap","non_heap"],"name":"jvm.memory.type","requirement_level":"recommended","stability":"stable","type":{"allow_custom_values":false,"members":[{"brief":"Heap memory.","deprecated":null,"id":"heap","note":null,"stability":null,"value":"heap"},{"brief":"Non-heap memory","deprecated":null,"id":"non_heap","note":null,"stability":null,"value":"non_heap"}]}},{"brief":"Name of the memory pool.","examples":["G1 Old Gen","G1 Eden space","G1 Survivor Space"],"name":"jvm.memory.pool.name","note":"Pool names are generally obtained via [MemoryPoolMXBean#getName()](https://docs.oracle.com/en/java/javase/11/docs/api/java.management/java/lang/management/MemoryPoolMXBean.html#getName()).\n","requirement_level":"recommended","stability":"stable","type":"string"}],"brief":"Measure of memory used.","events":[],"id":"metric.jvm.memory.used","instrument":"updowncounter","lineage":{"attributes":{"jvm.memory.pool.name":{"inherited_fields":["brief","examples","note","requirement_level","stability"],"source_group":"attributes.jvm.memory"},"jvm.memory.type":{"inherited_fields":["brief","examples","note","requirement_level","stability"],"source_group":"attributes.jvm.memory"}},"source_file":"data/jvm-metrics.yaml"},"metric_name":"jvm.memory.used","name":null,"root_namespace":"jvm","span_kind":null,"stability":"stable","type":"metric","unit":"By"},{"attributes":[{"brief":"The type of memory.","examples":["heap","non_heap"],"name":"jvm.memory.type","requirement_level":"recommended","stability":"stable","type":{"allow_custom_values":false,"members":[{"brief":"Heap memory.","deprecated":null,"id":"heap","note":null,"stability":null,"value":"heap"},{"brief":"Non-heap memory","deprecated":null,"id":"non_heap","note":null,"stability":null,"value":"non_heap"}]}},{"brief":"Name of the memory pool.","examples":["G1 Old Gen","G1 Eden space","G1 Survivor Space"],"name":"jvm.memory.pool.name","note":"Pool names are generally obtained via [MemoryPoolMXBean#getName()](https://docs.oracle.com/en/java/javase/11/docs/api/java.management/java/lang/management/MemoryPoolMXBean.html#getName()).\n","requirement_level":"recommended","stability":"stable","type":"string"}],"brief":"Measure of memory used, as measured after the most recent garbage collection event on this pool.","events":[],"id":"metric.jvm.memory.used_after_last_gc","instrument":"updowncounter","lineage":{"attributes":{"jvm.memory.pool.name":{"inherited_fields":["brief","examples","note","requirement_level","stability"],"source_group":"attributes.jvm.memory"},"jvm.memory.type":{"inherited_fields":["brief","examples","note","requirement_level","stability"],"source_group":"attributes.jvm.memory"}},"source_file":"data/jvm-metrics.yaml"},"metric_name":"jvm.memory.used_after_last_gc","name":null,"root_namespace":"jvm","span_kind":null,"stability":"stable","type":"metric","unit":"By"},{"attributes":[{"brief":"Whether the thread is daemon or not.","name":"jvm.thread.daemon","requirement_level":"recommended","stability":"stable","type":"boolean"},{"brief":"State of the thread.","examples":["runnable","blocked"],"name":"jvm.thread.state","requirement_level":"recommended","stability":"stable","type":{"allow_custom_values":false,"members":[{"brief":"A thread that has not yet started is in this state.","deprecated":null,"id":"new","note":null,"stability":null,"value":"new"},{"brief":"A thread executing in the Java virtual machine is in this state.","deprecated":null,"id":"runnable","note":null,"stability":null,"value":"runnable"},{"brief":"A thread that is blocked waiting for a monitor lock is in this state.","deprecated":null,"id":"blocked","note":null,"stability":null,"value":"blocked"},{"brief":"A thread that is waiting indefinitely for another thread to perform a particular action is in this state.","deprecated":null,"id":"waiting","note":null,"stability":null,"value":"waiting"},{"brief":"A thread that is waiting for another thread to perform an action for up to a specified waiting time is in this state.","deprecated":null,"id":"timed_waiting","note":null,"stability":null,"value":"timed_waiting"},{"brief":"A thread that has exited is in this state.","deprecated":null,"id":"terminated","note":null,"stability":null,"value":"terminated"}]}}],"brief":"Number of executing platform threads.","events":[],"id":"metric.jvm.thread.count","instrument":"updowncounter","lineage":{"source_file":"data/jvm-metrics.yaml"},"metric_name":"jvm.thread.count","name":null,"root_namespace":"jvm","span_kind":null,"stability":"stable","type":"metric","unit":"{thread}"}],"root_namespace":"jvm"}]