[
  {
    "attributes": [
      {
        "brief": "The fetch size used for paging, i.e. how many rows will be returned at once.\n",
        "examples": [
          5000
        ],
        "name": "db.cassandra.page_size",
        "requirement_level": "recommended",
        "root_namespace": "db",
        "stability": "stable",
        "tag": "tech-specific-cassandra",
        "type": "int"
      },
      {
        "brief": "The name of the primary Cassandra table that the operation is acting upon, including the keyspace name (if applicable).",
        "examples": "mytable",
        "name": "db.cassandra.table",
        "note": "This mirrors the db.sql.table attribute but references cassandra rather than sql. It is not recommended to attempt any client-side parsing of `db.statement` just to get this property, but it should be set if it is provided by the library being instrumented. If the operation is acting upon an anonymous table, or more than one table, this value MUST NOT be set.\n",
        "requirement_level": "recommended",
        "root_namespace": "db",
        "stability": "stable",
        "tag": "tech-specific-cassandra",
        "type": "string"
      },
      {
        "brief": "The connection string used to connect to the database. It is recommended to remove embedded credentials.\n",
        "examples": "Server=(localdb)\\v11.0;Integrated Security=true;",
        "name": "db.connection_string",
        "requirement_level": "recommended",
        "root_namespace": "db",
        "stability": "stable",
        "tag": "db-generic",
        "type": "string"
      },
      {
        "brief": "Unique Cosmos client instance id.",
        "examples": "3ba4827d-4422-483f-b59f-85b74211c11d",
        "name": "db.cosmosdb.client_id",
        "requirement_level": "recommended",
        "root_namespace": "db",
        "stability": "stable",
        "tag": "tech-specific-cosmosdb",
        "type": "string"
      },
      {
        "brief": "Cosmos client connection mode.",
        "name": "db.cosmosdb.connection_mode",
        "requirement_level": "recommended",
        "root_namespace": "db",
        "stability": "stable",
        "tag": "tech-specific-cosmosdb",
        "type": {
          "members": [
            {
              "brief": "Gateway (HTTP) connections mode",
              "id": "gateway",
              "stability": "stable",
              "value": "gateway"
            },
            {
              "brief": "Direct connection.",
              "id": "direct",
              "stability": "stable",
              "value": "direct"
            }
          ]
        }
      },
      {
        "brief": "Cosmos DB container name.",
        "examples": "anystring",
        "name": "db.cosmosdb.container",
        "requirement_level": "recommended",
        "root_namespace": "db",
        "stability": "stable",
        "tag": "tech-specific-cosmosdb",
        "type": "string"
      },
      {
        "brief": "CosmosDB Operation Type.",
        "name": "db.cosmosdb.operation_type",
        "requirement_level": "recommended",
        "root_namespace": "db",
        "stability": "stable",
        "tag": "tech-specific-cosmosdb",
        "type": {
          "members": [
            {
              "id": "invalid",
              "stability": "stable",
              "value": "Invalid"
            },
            {
              "id": "create",
              "stability": "stable",
              "value": "Create"
            },
            {
              "id": "patch",
              "stability": "stable",
              "value": "Patch"
            },
            {
              "id": "read",
              "stability": "stable",
              "value": "Read"
            },
            {
              "id": "read_feed",
              "stability": "stable",
              "value": "ReadFeed"
            },
            {
              "id": "delete",
              "stability": "stable",
              "value": "Delete"
            },
            {
              "id": "replace",
              "stability": "stable",
              "value": "Replace"
            },
            {
              "id": "execute",
              "stability": "stable",
              "value": "Execute"
            },
            {
              "id": "query",
              "stability": "stable",
              "value": "Query"
            },
            {
              "id": "head",
              "stability": "stable",
              "value": "Head"
            },
            {
              "id": "head_feed",
              "stability": "stable",
              "value": "HeadFeed"
            },
            {
              "id": "upsert",
              "stability": "stable",
              "value": "Upsert"
            },
            {
              "id": "batch",
              "stability": "stable",
              "value": "Batch"
            },
            {
              "id": "query_plan",
              "stability": "stable",
              "value": "QueryPlan"
            },
            {
              "id": "execute_javascript",
              "stability": "stable",
              "value": "ExecuteJavaScript"
            }
          ]
        }
      },
      {
        "brief": "RU consumed for that operation",
        "examples": [
          46.18,
          1.0
        ],
        "name": "db.cosmosdb.request_charge",
        "requirement_level": "recommended",
        "root_namespace": "db",
        "stability": "stable",
        "tag": "tech-specific-cosmosdb",
        "type": "double"
      },
      {
        "brief": "Request payload size in bytes",
        "name": "db.cosmosdb.request_content_length",
        "requirement_level": "recommended",
        "root_namespace": "db",
        "stability": "stable",
        "tag": "tech-specific-cosmosdb",
        "type": "int"
      },
      {
        "brief": "Cosmos DB status code.",
        "examples": [
          200,
          201
        ],
        "name": "db.cosmosdb.status_code",
        "requirement_level": "recommended",
        "root_namespace": "db",
        "stability": "stable",
        "tag": "tech-specific-cosmosdb",
        "type": "int"
      },
      {
        "brief": "Cosmos DB sub status code.",
        "examples": [
          1000,
          1002
        ],
        "name": "db.cosmosdb.sub_status_code",
        "requirement_level": "recommended",
        "root_namespace": "db",
        "stability": "stable",
        "tag": "tech-specific-cosmosdb",
        "type": "int"
      },
      {
        "brief": "Represents the identifier of an Elasticsearch cluster.\n",
        "examples": [
          "e9106fc68e3044f0b1475b04bf4ffd5f"
        ],
        "name": "db.elasticsearch.cluster.name",
        "requirement_level": "recommended",
        "root_namespace": "db",
        "stability": "stable",
        "tag": "tech-specific-elasticsearch",
        "type": "string"
      },
      {
        "brief": "Represents the human-readable identifier of the node/instance to which a request was routed.\n",
        "examples": [
          "instance-0000000001"
        ],
        "name": "db.elasticsearch.node.name",
        "requirement_level": "recommended",
        "root_namespace": "db",
        "stability": "stable",
        "tag": "tech-specific-elasticsearch",
        "type": "string"
      },
      {
        "brief": "A dynamic value in the url path.\n",
        "examples": [
          "db.elasticsearch.path_parts.index=test-index",
          "db.elasticsearch.path_parts.doc_id=123"
        ],
        "name": "db.elasticsearch.path_parts",
        "note": "Many Elasticsearch url paths allow dynamic values. These SHOULD be recorded in span attributes in the format `db.elasticsearch.path_parts.\u003ckey\u003e`, where `\u003ckey\u003e` is the url path part name. The implementation SHOULD reference the [elasticsearch schema](https://raw.githubusercontent.com/elastic/elasticsearch-specification/main/output/schema/schema.json) in order to map the path part values to their names.\n",
        "requirement_level": "recommended",
        "root_namespace": "db",
        "stability": "stable",
        "tag": "tech-specific-elasticsearch",
        "type": "template[string]"
      },
      {
        "brief": "An identifier (address, unique name, or any other identifier) of the database instance that is executing queries or mutations on the current connection. This is useful in cases where the database is running in a clustered environment and the instrumentation is able to record the node executing the query. The client may obtain this value in databases like MySQL using queries like `select @@hostname`.\n",
        "examples": "mysql-e26b99z.example.com",
        "name": "db.instance.id",
        "requirement_level": "recommended",
        "root_namespace": "db",
        "stability": "stable",
        "tag": "db-generic",
        "type": "string"
      },
      {
        "brief": "The fully-qualified class name of the [Java Database Connectivity (JDBC)](https://docs.oracle.com/javase/8/docs/technotes/guides/jdbc/) driver used to connect.\n",
        "examples": [
          "org.postgresql.Driver",
          "com.microsoft.sqlserver.jdbc.SQLServerDriver"
        ],
        "name": "db.jdbc.driver_classname",
        "requirement_level": "recommended",
        "root_namespace": "db",
        "stability": "stable",
        "tag": "tech-specific-jdbc",
        "type": "string"
      },
      {
        "brief": "The MongoDB collection being accessed within the database stated in `db.name`.\n",
        "examples": [
          "customers",
          "products"
        ],
        "name": "db.mongodb.collection",
        "requirement_level": "recommended",
        "root_namespace": "db",
        "stability": "stable",
        "tag": "tech-specific-mongodb",
        "type": "string"
      },
      {
        "brief": "The Microsoft SQL Server [instance name](https://docs.microsoft.com/sql/connect/jdbc/building-the-connection-url?view=sql-server-ver15) connecting to. This name is used to determine the port of a named instance.\n",
        "examples": "MSSQLSERVER",
        "name": "db.mssql.instance_name",
        "note": "If setting a `db.mssql.instance_name`, `server.port` is no longer required (but still recommended if non-standard).\n",
        "requirement_level": "recommended",
        "root_namespace": "db",
        "stability": "stable",
        "tag": "tech-specific-mssql",
        "type": "string"
      },
      {
        "brief": "This attribute is used to report the name of the database being accessed. For commands that switch the database, this should be set to the target database (even if the command fails).\n",
        "examples": [
          "customers",
          "main"
        ],
        "name": "db.name",
        "note": "In some SQL databases, the database name to be used is called \"schema name\". In case there are multiple layers that could be considered for database name (e.g. Oracle instance name and schema name), the database name to be used is the more specific layer (e.g. Oracle schema name).\n",
        "requirement_level": "recommended",
        "root_namespace": "db",
        "stability": "stable",
        "tag": "db-generic",
        "type": "string"
      },
      {
        "brief": "The name of the operation being executed, e.g. the [MongoDB command name](https://docs.mongodb.com/manual/reference/command/#database-operations) such as `findAndModify`, or the SQL keyword.\n",
        "examples": [
          "findAndModify",
          "HMSET",
          "SELECT"
        ],
        "name": "db.operation",
        "note": "When setting this to an SQL keyword, it is not recommended to attempt any client-side parsing of `db.statement` just to get this property, but it should be set if the operation name is provided by the library being instrumented. If the SQL statement has an ambiguous operation, or performs more than one operation, this value may be omitted.\n",
        "requirement_level": "recommended",
        "root_namespace": "db",
        "stability": "stable",
        "tag": "db-generic",
        "type": "string"
      },
      {
        "brief": "The index of the database being accessed as used in the [`SELECT` command](https://redis.io/commands/select), provided as an integer. To be used instead of the generic `db.name` attribute.\n",
        "examples": [
          0,
          1,
          15
        ],
        "name": "db.redis.database_index",
        "requirement_level": "recommended",
        "root_namespace": "db",
        "stability": "stable",
        "tag": "tech-specific-redis",
        "type": "int"
      },
      {
        "brief": "The name of the primary table that the operation is acting upon, including the database name (if applicable).",
        "examples": [
          "public.users",
          "customers"
        ],
        "name": "db.sql.table",
        "note": "It is not recommended to attempt any client-side parsing of `db.statement` just to get this property, but it should be set if it is provided by the library being instrumented. If the operation is acting upon an anonymous table, or more than one table, this value MUST NOT be set.\n",
        "requirement_level": "recommended",
        "root_namespace": "db",
        "stability": "stable",
        "tag": "tech-specific-sql",
        "type": "string"
      },
      {
        "brief": "The database statement being executed.\n",
        "examples": [
          "SELECT * FROM wuser_table",
          "SET mykey \"WuValue\""
        ],
        "name": "db.statement",
        "requirement_level": "recommended",
        "root_namespace": "db",
        "stability": "stable",
        "tag": "db-generic",
        "type": "string"
      },
      {
        "brief": "An identifier for the database management system (DBMS) product being used. See below for a list of well-known identifiers.",
        "name": "db.system",
        "requirement_level": "recommended",
        "root_namespace": "db",
        "stability": "stable",
        "tag": "db-generic",
        "type": {
          "members": [
            {
              "brief": "Microsoft SQL Server",
              "id": "mssql",
              "stability": "stable",
              "value": "mssql"
            },
            {
              "brief": "MySQL",
              "id": "mysql",
              "stability": "stable",
              "value": "mysql"
            },
            {
              "brief": "Oracle Database",
              "id": "oracle",
              "stability": "stable",
              "value": "oracle"
            },
            {
              "brief": "IBM Db2",
              "id": "db2",
              "stability": "stable",
              "value": "db2"
            },
            {
              "brief": "PostgreSQL",
              "id": "postgresql",
              "stability": "stable",
              "value": "postgresql"
            },
            {
              "brief": "Amazon Redshift",
              "id": "redshift",
              "stability": "stable",
              "value": "redshift"
            },
            {
              "brief": "Apache Hive",
              "id": "hive",
              "stability": "stable",
              "value": "hive"
            },
            {
              "brief": "Cloudscape",
              "id": "cloudscape",
              "stability": "stable",
              "value": "cloudscape"
            },
            {
              "brief": "HyperSQL DataBase",
              "id": "hsqldb",
              "stability": "stable",
              "value": "hsqldb"
            },
            {
              "brief": "Progress Database",
              "id": "progress",
              "stability": "stable",
              "value": "progress"
            },
            {
              "brief": "SAP MaxDB",
              "id": "maxdb",
              "stability": "stable",
              "value": "maxdb"
            },
            {
              "brief": "SAP HANA",
              "id": "hanadb",
              "stability": "stable",
              "value": "hanadb"
            },
            {
              "brief": "Ingres",
              "id": "ingres",
              "stability": "stable",
              "value": "ingres"
            },
            {
              "brief": "FirstSQL",
              "id": "firstsql",
              "stability": "stable",
              "value": "firstsql"
            },
            {
              "brief": "EnterpriseDB",
              "id": "edb",
              "stability": "stable",
              "value": "edb"
            },
            {
              "brief": "InterSystems Caché",
              "id": "cache",
              "stability": "stable",
              "value": "cache"
            },
            {
              "brief": "Adabas (Adaptable Database System)",
              "id": "adabas",
              "stability": "stable",
              "value": "adabas"
            },
            {
              "brief": "Firebird",
              "id": "firebird",
              "stability": "stable",
              "value": "firebird"
            },
            {
              "brief": "Apache Derby",
              "id": "derby",
              "stability": "stable",
              "value": "derby"
            },
            {
              "brief": "FileMaker",
              "id": "filemaker",
              "stability": "stable",
              "value": "filemaker"
            },
            {
              "brief": "Informix",
              "id": "informix",
              "stability": "stable",
              "value": "informix"
            },
            {
              "brief": "InstantDB",
              "id": "instantdb",
              "stability": "stable",
              "value": "instantdb"
            },
            {
              "brief": "InterBase",
              "id": "interbase",
              "stability": "stable",
              "value": "interbase"
            },
            {
              "brief": "MariaDB",
              "id": "mariadb",
              "stability": "stable",
              "value": "mariadb"
            },
            {
              "brief": "Netezza",
              "id": "netezza",
              "stability": "stable",
              "value": "netezza"
            },
            {
              "brief": "Pervasive PSQL",
              "id": "pervasive",
              "stability": "stable",
              "value": "pervasive"
            },
            {
              "brief": "PointBase",
              "id": "pointbase",
              "stability": "stable",
              "value": "pointbase"
            },
            {
              "brief": "SQLite",
              "id": "sqlite",
              "stability": "stable",
              "value": "sqlite"
            },
            {
              "brief": "Sybase",
              "id": "sybase",
              "stability": "stable",
              "value": "sybase"
            },
            {
              "brief": "Teradata",
              "id": "teradata",
              "stability": "stable",
              "value": "teradata"
            },
            {
              "brief": "Vertica",
              "id": "vertica",
              "stability": "stable",
              "value": "vertica"
            },
            {
              "brief": "H2",
              "id": "h2",
              "stability": "stable",
              "value": "h2"
            },
            {
              "brief": "ColdFusion IMQ",
              "id": "coldfusion",
              "stability": "stable",
              "value": "coldfusion"
            },
            {
              "brief": "Apache Cassandra",
              "id": "cassandra",
              "stability": "stable",
              "value": "cassandra"
            },
            {
              "brief": "Apache HBase",
              "id": "hbase",
              "stability": "stable",
              "value": "hbase"
            },
            {
              "brief": "MongoDB",
              "id": "mongodb",
              "stability": "stable",
              "value": "mongodb"
            },
            {
              "brief": "Redis",
              "id": "redis",
              "stability": "stable",
              "value": "redis"
            },
            {
              "brief": "Couchbase",
              "id": "couchbase",
              "stability": "stable",
              "value": "couchbase"
            },
            {
              "brief": "CouchDB",
              "id": "couchdb",
              "stability": "stable",
              "value": "couchdb"
            },
            {
              "brief": "Microsoft Azure Cosmos DB",
              "id": "azure_cosmosdb",
              "stability": "stable",
              "value": "azure.cosmosdb"
            },
            {
              "brief": "Amazon DynamoDB",
              "id": "dynamodb",
              "stability": "stable",
              "value": "dynamodb"
            },
            {
              "brief": "Neo4j",
              "id": "neo4j",
              "stability": "stable",
              "value": "neo4j"
            },
            {
              "brief": "Apache Geode",
              "id": "geode",
              "stability": "stable",
              "value": "geode"
            },
            {
              "brief": "Elasticsearch",
              "id": "elasticsearch",
              "stability": "stable",
              "value": "elasticsearch"
            },
            {
              "brief": "Memcached",
              "id": "memcached",
              "stability": "stable",
              "value": "memcached"
            },
            {
              "brief": "CockroachDB",
              "id": "cockroachdb",
              "stability": "stable",
              "value": "cockroachdb"
            },
            {
              "brief": "OpenSearch",
              "id": "opensearch",
              "stability": "stable",
              "value": "opensearch"
            },
            {
              "brief": "ClickHouse",
              "id": "clickhouse",
              "stability": "stable",
              "value": "clickhouse"
            },
            {
              "brief": "Cloud Spanner",
              "id": "spanner",
              "stability": "stable",
              "value": "spanner"
            },
            {
              "brief": "Trino",
              "id": "trino",
              "stability": "stable",
              "value": "trino"
            }
          ]
        }
      },
      {
        "brief": "Username for accessing the database.\n",
        "examples": [
          "readonly_user",
          "reporting_user"
        ],
        "name": "db.user",
        "requirement_level": "recommended",
        "root_namespace": "db",
        "stability": "stable",
        "tag": "db-generic",
        "type": "string"
      }
    ],
    "root_namespace": "db"
  },
  {
    "attributes": [
      {
        "annotations": {
          "collector": {
            "optional": true
          }
        },
        "brief": "SHOULD be set to true if the exception event is recorded at a point where it is known that the exception is escaping the scope of the span.\n",
        "name": "exception.escaped",
        "note": "An exception is considered to have escaped (or left) the scope of a span,\nif that span is ended while the exception is still logically \"in flight\".\nThis may be actually \"in flight\" in some languages (e.g. if the exception\nis passed to a Context manager\u0027s `__exit__` method in Python) but will\nusually be caught at the point of recording the exception in most languages.\n\nIt is usually not possible to determine at the point where an exception is thrown\nwhether it will escape the scope of a span.\nHowever, it is trivial to know that an exception\nwill escape, if one checks for an active exception just before ending the span,\nas done in the [example for recording span exceptions](https://opentelemetry.io/docs/specs/semconv/exceptions/exceptions-spans/#recording-an-exception).\n\nIt follows that an exception may still escape the scope of the span\neven if the `exception.escaped` attribute was not set or set to false,\nsince the event might have been recorded at a time where it was not\nclear whether the exception will escape.",
        "requirement_level": "recommended",
        "root_namespace": "exception",
        "stability": "stable",
        "type": "boolean"
      },
      {
        "brief": "The exception message.",
        "examples": [
          "Division by zero",
          "Can\u0027t convert \u0027int\u0027 object to str implicitly"
        ],
        "name": "exception.message",
        "requirement_level": "recommended",
        "root_namespace": "exception",
        "stability": "stable",
        "type": "string"
      },
      {
        "brief": "A stacktrace as a string in the natural representation for the language runtime. The representation is to be determined and documented by each language SIG.\n",
        "examples": "Exception in thread \"main\" java.lang.RuntimeException: Test exception\\n at com.example.GenerateTrace.methodB(GenerateTrace.java:13)\\n at com.example.GenerateTrace.methodA(GenerateTrace.java:9)\\n at com.example.GenerateTrace.main(GenerateTrace.java:5)",
        "name": "exception.stacktrace",
        "requirement_level": "recommended",
        "root_namespace": "exception",
        "stability": "stable",
        "type": "string"
      },
      {
        "brief": "The type of the exception (its fully-qualified class name, if applicable). The dynamic type of the exception should be preferred over the static type in languages that support it.\n",
        "examples": [
          "java.net.ConnectException",
          "OSError"
        ],
        "name": "exception.type",
        "requirement_level": "recommended",
        "root_namespace": "exception",
        "stability": "stable",
        "type": "string"
      }
    ],
    "root_namespace": "exception"
  },
  {
    "attributes": [
      {
        "brief": "HTTP request headers, `\u003ckey\u003e` being the normalized HTTP Header name (lowercase), the value being the header values.\n",
        "examples": [
          [
            "application/json"
          ],
          [
            "1.2.3.4",
            "1.2.3.5"
          ]
        ],
        "name": "http.request.header",
        "note": "Instrumentations SHOULD require an explicit configuration of which headers are to be captured. Including all request headers can be a security risk - explicit configuration helps avoid leaking sensitive information.\nThe `User-Agent` header is already captured in the `user_agent.original` attribute. Users MAY explicitly configure instrumentations to capture them even though it is not recommended.\nThe attribute value MUST consist of either multiple header values as an array of strings or a single-item array containing a possibly comma-concatenated string, depending on the way the HTTP library provides access to headers.\n",
        "requirement_level": "recommended",
        "root_namespace": "http",
        "stability": "stable",
        "type": "template[string[]]"
      },
      {
        "brief": "HTTP request method.",
        "examples": [
          "GET",
          "POST",
          "HEAD"
        ],
        "name": "http.request.method",
        "note": "HTTP request method value SHOULD be \"known\" to the instrumentation.\nBy default, this convention defines \"known\" methods as the ones listed in [RFC9110](https://www.rfc-editor.org/rfc/rfc9110.html#name-methods)\nand the PATCH method defined in [RFC5789](https://www.rfc-editor.org/rfc/rfc5789.html).\n\nIf the HTTP request method is not known to instrumentation, it MUST set the `http.request.method` attribute to `_OTHER`.\n\nIf the HTTP instrumentation could end up converting valid HTTP request methods to `_OTHER`, then it MUST provide a way to override\nthe list of known HTTP methods. If this override is done via environment variable, then the environment variable MUST be named\nOTEL_INSTRUMENTATION_HTTP_KNOWN_METHODS and support a comma-separated list of case-sensitive known HTTP methods\n(this list MUST be a full override of the default known method, it is not a list of known methods in addition to the defaults).\n\nHTTP method names are case-sensitive and `http.request.method` attribute value MUST match a known HTTP method name exactly.\nInstrumentations for specific web frameworks that consider HTTP methods to be case insensitive, SHOULD populate a canonical equivalent.\nTracing instrumentations that do so, MUST also set `http.request.method_original` to the original value.\n",
        "requirement_level": "recommended",
        "root_namespace": "http",
        "stability": "stable",
        "type": {
          "members": [
            {
              "brief": "CONNECT method.",
              "id": "connect",
              "stability": "stable",
              "value": "CONNECT"
            },
            {
              "brief": "DELETE method.",
              "id": "delete",
              "stability": "stable",
              "value": "DELETE"
            },
            {
              "brief": "GET method.",
              "id": "get",
              "stability": "stable",
              "value": "GET"
            },
            {
              "brief": "HEAD method.",
              "id": "head",
              "stability": "stable",
              "value": "HEAD"
            },
            {
              "brief": "OPTIONS method.",
              "id": "options",
              "stability": "stable",
              "value": "OPTIONS"
            },
            {
              "brief": "PATCH method.",
              "id": "patch",
              "stability": "stable",
              "value": "PATCH"
            },
            {
              "brief": "POST method.",
              "id": "post",
              "stability": "stable",
              "value": "POST"
            },
            {
              "brief": "PUT method.",
              "id": "put",
              "stability": "stable",
              "value": "PUT"
            },
            {
              "brief": "TRACE method.",
              "id": "trace",
              "stability": "stable",
              "value": "TRACE"
            },
            {
              "brief": "Any HTTP method that the instrumentation has no prior knowledge of.",
              "id": "other",
              "stability": "stable",
              "value": "_OTHER"
            }
          ]
        }
      },
      {
        "brief": "Original HTTP method sent by the client in the request line.",
        "examples": [
          "GeT",
          "ACL",
          "foo"
        ],
        "name": "http.request.method_original",
        "requirement_level": "recommended",
        "root_namespace": "http",
        "stability": "stable",
        "type": "string"
      },
      {
        "brief": "The ordinal number of request resending attempt (for any reason, including redirects).\n",
        "examples": 3,
        "name": "http.request.resend_count",
        "note": "The resend count SHOULD be updated each time an HTTP request gets resent by the client, regardless of what was the cause of the resending (e.g. redirection, authorization failure, 503 Server Unavailable, network issues, or any other).\n",
        "requirement_level": "recommended",
        "root_namespace": "http",
        "stability": "stable",
        "type": "int"
      },
      {
        "brief": "HTTP response headers, `\u003ckey\u003e` being the normalized HTTP Header name (lowercase), the value being the header values.\n",
        "examples": [
          [
            "application/json"
          ],
          [
            "abc",
            "def"
          ]
        ],
        "name": "http.response.header",
        "note": "Instrumentations SHOULD require an explicit configuration of which headers are to be captured. Including all response headers can be a security risk - explicit configuration helps avoid leaking sensitive information.\nUsers MAY explicitly configure instrumentations to capture them even though it is not recommended.\nThe attribute value MUST consist of either multiple header values as an array of strings or a single-item array containing a possibly comma-concatenated string, depending on the way the HTTP library provides access to headers.\n",
        "requirement_level": "recommended",
        "root_namespace": "http",
        "stability": "stable",
        "type": "template[string[]]"
      },
      {
        "brief": "[HTTP response status code](https://tools.ietf.org/html/rfc7231#section-6).",
        "examples": [
          200
        ],
        "name": "http.response.status_code",
        "requirement_level": "recommended",
        "root_namespace": "http",
        "stability": "stable",
        "type": "int"
      },
      {
        "brief": "The matched route, that is, the path template in the format used by the respective server framework.\n",
        "examples": [
          "/users/:userID?",
          "{controller}/{action}/{id?}"
        ],
        "name": "http.route",
        "note": "MUST NOT be populated when this is not supported by the HTTP server framework as the route attribute should have low-cardinality and the URI path can NOT substitute it.\nSHOULD include the [application root](/docs/http/http-spans.md#http-server-definitions) if there is one.",
        "requirement_level": "recommended",
        "root_namespace": "http",
        "stability": "stable",
        "type": "string"
      }
    ],
    "root_namespace": "http"
  },
  {
    "attributes": [
      {
        "brief": "Value of the [HTTP User-Agent](https://www.rfc-editor.org/rfc/rfc9110.html#field.user-agent) header sent by the client.\n",
        "examples": [
          "CERN-LineMode/2.15 libwww/2.17b3",
          "Mozilla/5.0 (iPhone; CPU iPhone OS 14_7_1 like Mac OS X) AppleWebKit/605.1.15 (KHTML, like Gecko) Version/14.1.2 Mobile/15E148 Safari/604.1"
        ],
        "name": "user_agent.original",
        "requirement_level": "recommended",
        "root_namespace": "user_agent",
        "stability": "stable",
        "type": "string"
      }
    ],
    "root_namespace": "user_agent"
  }
]